Should be ~ 0: 3.0562027164913677e-15
Should be ~ 0: 0.0
------------------------------------------------------------------
	       SCS v3.2.11 - Splitting Conic Solver
	(c) Brendan O'Donoghue, Stanford University, 2012
------------------------------------------------------------------
problem:  variables n: 180, constraints m: 180
cones: 	  z: primal zero / dual free vars: 60
	  s: psd vars: 120, ssize: 1
settings: eps_abs: 1.0e-06, eps_rel: 1.0e-06, eps_infeas: 1.0e-07
	  alpha: 1.50, scale: 1.00e-01, adaptive_scale: 1
	  max_iters: 100000, normalize: 1, rho_x: 1.00e-06
	  acceleration_lookback: 10, acceleration_interval: 5
lin-sys:  sparse-direct-amd-qdldl
	  nnz(A): 240, nnz(P): 60
Solving for lambda = 0
------------------------------------------------------------------
 iter | pri res | dua res |   gap   |   obj   |  scale  | time (s)
------------------------------------------------------------------
     0| 4.93e+00  1.17e+00  4.92e+01  3.27e+01  1.00e-01  3.38e-03 
   250| 2.74e-04  1.02e-05  8.91e-05  4.86e-05  9.08e-04  1.38e-02 
   500| 5.15e-03  2.20e-07  1.82e-06  1.05e-06  7.44e-05  2.27e-02 
   600| 3.46e-06  2.56e-09  4.75e-09  2.38e-09  7.44e-05  2.45e-02 
------------------------------------------------------------------
status:  solved
timings: total: 2.45e-02s = setup: 1.07e-03s + solve: 2.35e-02s
	 lin-sys: 1.45e-03s, cones: 1.81e-02s, accel: 2.92e-03s
------------------------------------------------------------------
objective = 0.000000
------------------------------------------------------------------
Error: 0.5967900758444294
Solving for lambda = 1e-06
------------------------------------------------------------------
 iter | pri res | dua res |   gap   |   obj   |  scale  | time (s)
------------------------------------------------------------------
     0| 2.73e-04  1.00e-06  4.48e-05  5.32e-05  7.44e-05  4.17e-05 
   250| 8.72e-03  2.89e-07  4.92e-06  4.58e-05  1.00e-06  5.48e-03 
   500| 1.71e-03  9.05e-08  2.50e-06  4.33e-05  1.00e-06  1.40e-02 
   750| 1.65e-03  1.23e-08  6.54e-07  4.24e-05  1.00e-06  2.16e-02 
  1000| 1.22e-03  3.69e-08  8.62e-07  4.26e-05  1.00e-06  2.67e-02 
  1250| 8.76e-04  1.06e-07  1.80e-06  4.33e-05  1.00e-06  3.57e-02 
  1500| 2.13e-04  1.90e-07  3.19e-06  4.45e-05  1.00e-06  4.29e-02 
  1750| 1.65e-04  1.13e-07  1.96e-06  4.42e-05  1.00e-06  4.78e-02 
  2000| 1.66e-04  3.85e-08  5.91e-08  4.32e-05  1.00e-06  5.69e-02 
  2250| 3.70e-05  6.33e-08  9.05e-07  4.27e-05  1.00e-06  6.93e-02 
  2325| 7.80e-06  6.23e-08  8.68e-07  4.27e-05  1.00e-06  7.36e-02 
------------------------------------------------------------------
status:  solved
timings: total: 7.36e-02s = setup: 1.25e-06s + solve: 7.36e-02s
	 lin-sys: 4.62e-03s, cones: 6.26e-02s, accel: 3.77e-03s
------------------------------------------------------------------
objective = 0.000043
------------------------------------------------------------------
Error : 0.03818384281451565
Solving for lambda = 5.011872336272725e-06
------------------------------------------------------------------
 iter | pri res | dua res |   gap   |   obj   |  scale  | time (s)
------------------------------------------------------------------
     0| 8.18e-03  5.61e-06  6.73e-05  1.82e-04  1.00e-06  9.88e-05 
   250| 1.16e-03  1.59e-07  1.91e-06  2.12e-04  1.00e-06  8.90e-03 
   500| 6.37e-04  1.82e-07  2.14e-06  2.14e-04  1.00e-06  1.51e-02 
   750| 3.25e-04  1.81e-07  2.73e-06  2.15e-04  1.00e-06  2.39e-02 
  1000| 1.34e-05  1.42e-07  1.95e-06  2.16e-04  1.00e-06  3.24e-02 
  1250| 9.05e-05  6.01e-08  5.35e-07  2.15e-04  1.00e-06  4.07e-02 
  1500| 7.03e-05  3.11e-08  2.93e-07  2.15e-04  1.00e-06  4.76e-02 
  1750| 2.16e-05  2.38e-08  4.13e-07  2.14e-04  1.00e-06  5.45e-02 
  1850| 7.15e-06  2.13e-08  3.62e-07  2.14e-04  1.00e-06  5.81e-02 
------------------------------------------------------------------
status:  solved
timings: total: 5.81e-02s = setup: 3.21e-06s + solve: 5.81e-02s
	 lin-sys: 4.67e-03s, cones: 4.90e-02s, accel: 1.97e-03s
------------------------------------------------------------------
objective = 0.000214
------------------------------------------------------------------
Error : 0.024178150236215192
Solving for lambda = 2.5118864315095822e-05
------------------------------------------------------------------
 iter | pri res | dua res |   gap   |   obj   |  scale  | time (s)
------------------------------------------------------------------
     0| 3.74e-02  2.75e-05  2.69e-04  9.25e-04  1.00e-06  1.25e-04 
   250| 9.20e-04  1.40e-07  6.86e-06  1.06e-03  1.00e-06  8.42e-03 
   500| 6.03e-04  2.31e-08  2.96e-06  1.06e-03  1.00e-06  1.34e-02 
   750| 4.00e-04  1.81e-08  2.12e-06  1.06e-03  1.00e-06  1.83e-02 
  1000| 4.53e-05  8.71e-09  2.35e-07  1.06e-03  1.00e-06  2.34e-02 
  1250| 2.53e-05  2.05e-09  2.12e-07  1.06e-03  1.00e-06  2.83e-02 
  1500| 1.04e-05  6.16e-10  8.47e-08  1.06e-03  1.00e-06  3.32e-02 
  1550| 9.56e-06  6.05e-10  7.76e-08  1.06e-03  1.00e-06  3.41e-02 
------------------------------------------------------------------
status:  solved
timings: total: 3.41e-02s = setup: 3.25e-06s + solve: 3.41e-02s
	 lin-sys: 2.55e-03s, cones: 2.85e-02s, accel: 1.44e-03s
------------------------------------------------------------------
objective = 0.001062
------------------------------------------------------------------
Error : 0.021485925714576987
Solving for lambda = 0.0001258925411794166
------------------------------------------------------------------
 iter | pri res | dua res |   gap   |   obj   |  scale  | time (s)
------------------------------------------------------------------
     0| 1.88e-01  1.18e-04  8.20e-04  4.63e-03  1.00e-06  4.66e-05 
   250| 1.06e-03  2.40e-07  1.84e-05  5.27e-03  1.00e-06  5.19e-03 
   500| 5.18e-04  4.58e-08  7.56e-06  5.28e-03  1.00e-06  1.01e-02 
   750| 1.24e-05  2.11e-09  7.52e-08  5.28e-03  1.00e-06  1.53e-02 
   775| 4.01e-06  8.32e-10  2.33e-08  5.28e-03  1.00e-06  1.59e-02 
------------------------------------------------------------------
status:  solved
timings: total: 1.59e-02s = setup: 5.83e-07s + solve: 1.59e-02s
	 lin-sys: 9.87e-04s, cones: 1.31e-02s, accel: 1.07e-03s
------------------------------------------------------------------
objective = 0.005278
------------------------------------------------------------------
Error : 0.03356730035313525
Solving for lambda = 0.000630957344480193
------------------------------------------------------------------
 iter | pri res | dua res |   gap   |   obj   |  scale  | time (s)
------------------------------------------------------------------
     0| 9.41e-01  5.77e-04  2.79e-04  2.09e-02  1.00e-06  4.40e-05 
   250| 3.03e-03  2.38e-07  1.05e-04  2.62e-02  1.00e-06  5.14e-03 
   500| 4.86e-04  2.82e-08  1.48e-05  2.62e-02  1.00e-06  1.05e-02 
   750| 1.01e-05  8.32e-09  3.62e-07  2.62e-02  4.22e-06  1.53e-02 
   775| 2.24e-06  8.56e-10  3.21e-08  2.62e-02  4.22e-06  1.58e-02 
------------------------------------------------------------------
status:  solved
timings: total: 1.58e-02s = setup: 1.00e-06s + solve: 1.58e-02s
	 lin-sys: 9.84e-04s, cones: 1.30e-02s, accel: 1.10e-03s
------------------------------------------------------------------
objective = 0.026224
------------------------------------------------------------------
Error : 0.06744828072941357
Solving for lambda = 0.0031622776601683794
------------------------------------------------------------------
 iter | pri res | dua res |   gap   |   obj   |  scale  | time (s)
------------------------------------------------------------------
     0| 1.22e+00  2.86e-03  5.03e-03  9.53e-02  4.22e-06  5.33e-05 
   250| 1.92e-04  4.24e-08  6.11e-06  1.30e-01  4.22e-06  5.22e-03 
   375| 5.45e-06  1.84e-08  1.84e-07  1.30e-01  1.51e-05  7.70e-03 
------------------------------------------------------------------
status:  solved
timings: total: 7.70e-03s = setup: 1.25e-06s + solve: 7.70e-03s
	 lin-sys: 4.78e-04s, cones: 6.35e-03s, accel: 5.04e-04s
------------------------------------------------------------------
objective = 0.129971
------------------------------------------------------------------
Error : 0.11835984365471076
Solving for lambda = 0.01584893192461111
------------------------------------------------------------------
 iter | pri res | dua res |   gap   |   obj   |  scale  | time (s)
------------------------------------------------------------------
     0| 1.71e+00  1.42e-02  9.95e-02  4.20e-01  1.51e-05  1.22e-04 
   250| 1.35e-05  2.97e-08  8.81e-07  6.43e-01  1.51e-05  4.93e-03 
   275| 5.23e-07  2.96e-09  3.07e-08  6.43e-01  1.51e-05  5.52e-03 
------------------------------------------------------------------
status:  solved
timings: total: 5.52e-03s = setup: 3.75e-07s + solve: 5.52e-03s
	 lin-sys: 3.42e-04s, cones: 4.44e-03s, accel: 3.76e-04s
------------------------------------------------------------------
objective = 0.642509
------------------------------------------------------------------
Error : 0.174159842423332
Solving for lambda = 0.07943282347242805
------------------------------------------------------------------
 iter | pri res | dua res |   gap   |   obj   |  scale  | time (s)
------------------------------------------------------------------
     0| 7.80e+00  6.63e-02  5.31e+00 -5.76e-01  1.51e-05  3.84e-05 
   225| 4.06e-07  1.90e-08  2.35e-08  3.15e+00  8.60e-05  4.35e-03 
------------------------------------------------------------------
status:  solved
timings: total: 4.35e-03s = setup: 1.66e-07s + solve: 4.35e-03s
	 lin-sys: 2.84e-04s, cones: 3.65e-03s, accel: 1.95e-04s
------------------------------------------------------------------
objective = 3.149158
------------------------------------------------------------------
Error : 0.22262544113445953
Solving for lambda = 0.3981071705534969
------------------------------------------------------------------
 iter | pri res | dua res |   gap   |   obj   |  scale  | time (s)
------------------------------------------------------------------
     0| 7.17e+00  3.21e-01  2.38e+01 -2.85e+00  8.60e-05  3.61e-05 
   100| 9.18e-08  9.53e-10  2.57e-09  1.49e+01  8.60e-05  2.04e-03 
------------------------------------------------------------------
status:  solved
timings: total: 2.04e-03s = setup: 1.66e-07s + solve: 2.04e-03s
	 lin-sys: 1.29e-04s, cones: 1.62e-03s, accel: 1.84e-04s
------------------------------------------------------------------
objective = 14.885090
------------------------------------------------------------------
Error : 0.30578640734165885
Solving for lambda = 1.9952623149688788
------------------------------------------------------------------
 iter | pri res | dua res |   gap   |   obj   |  scale  | time (s)
------------------------------------------------------------------
     0| 3.86e+01  1.53e+00  7.14e+02 -3.31e+02  8.60e-05  3.91e-05 
   125| 1.93e-08  1.82e-09  2.56e-09  6.15e+01  5.11e-04  2.48e-03 
------------------------------------------------------------------
status:  solved
timings: total: 2.48e-03s = setup: 8.33e-07s + solve: 2.48e-03s
	 lin-sys: 1.60e-04s, cones: 2.10e-03s, accel: 8.51e-05s
------------------------------------------------------------------
objective = 61.454584
------------------------------------------------------------------
Error : 0.5124766605647194
Solving for lambda = 10.0
------------------------------------------------------------------
 iter | pri res | dua res |   gap   |   obj   |  scale  | time (s)
------------------------------------------------------------------
     0| 3.34e+01  7.90e+00  2.92e+03 -1.61e+03  5.11e-04  3.64e-05 
    50| 3.29e-08  8.94e-11  1.27e-07  1.32e+02  5.11e-04  1.04e-03 
------------------------------------------------------------------
status:  solved
timings: total: 1.04e-03s = setup: 2.08e-07s + solve: 1.04e-03s
	 lin-sys: 6.40e-05s, cones: 8.59e-04s, accel: 5.90e-05s
------------------------------------------------------------------
objective = 132.180038
------------------------------------------------------------------
Error : 0.9959215501583136
