------------------------------------------------------------------
	       SCS v3.2.11 - Splitting Conic Solver
	(c) Brendan O'Donoghue, Stanford University, 2012
------------------------------------------------------------------
problem:  variables n: 770, constraints m: 1391
cones: 	  z: primal zero / dual free vars: 620
	  b: box cone vars: 771
settings: eps_abs: 1.0e-05, eps_rel: 1.0e-05, eps_infeas: 1.0e-07
	  alpha: 1.50, scale: 1.00e-01, adaptive_scale: 1
	  max_iters: 100000, normalize: 1, rho_x: 1.00e-06
	  acceleration_lookback: 10, acceleration_interval: 5
lin-sys:  sparse-direct-amd-qdldl
	  nnz(A): 16390, nnz(P): 770
------------------------------------------------------------------
 iter | pri res | dua res |   gap   |   obj   |  scale  | time (s)
------------------------------------------------------------------
     0| 1.75e+01  4.99e+00  3.62e+03  2.46e+03  1.00e-01  4.13e-04 
   125| 1.73e-08  2.20e-08  1.30e-08  1.09e+03  3.76e-01  9.36e-03 
------------------------------------------------------------------
status:  solved
timings: total: 9.36e-03s = setup: 1.42e-06s + solve: 9.36e-03s
	 lin-sys: 6.53e-03s, cones: 3.98e-04s, accel: 1.23e-03s
------------------------------------------------------------------
objective = 1088.948282
------------------------------------------------------------------
Control action: [ 0.41348796 -1.00000002 -0.38009803 -1.00000002 -0.42945415]
------------------------------------------------------------------
 iter | pri res | dua res |   gap   |   obj   |  scale  | time (s)
------------------------------------------------------------------
     0| 2.47e+01  3.46e+01  3.33e+03  3.76e+02  3.76e-01  1.73e-04 
   100| 3.70e-14  1.05e-10  5.81e-11  1.43e+02  3.76e-01  6.92e-03 
------------------------------------------------------------------
status:  solved
timings: total: 6.93e-03s = setup: 2.54e-06s + solve: 6.92e-03s
	 lin-sys: 5.23e-03s, cones: 3.05e-04s, accel: 8.98e-04s
------------------------------------------------------------------
objective = 142.600581
------------------------------------------------------------------
Control action: [-0.44966454 -0.03355007  0.52249601  0.19250172  0.14671162]
------------------------------------------------------------------
 iter | pri res | dua res |   gap   |   obj   |  scale  | time (s)
------------------------------------------------------------------
     0| 9.12e+00  8.38e+00  4.08e+02  3.48e+01  3.76e-01  1.46e-04 
    75| 1.86e-10  1.43e-10  1.43e-09  1.01e+01  3.76e-01  8.77e-03 
------------------------------------------------------------------
status:  solved
timings: total: 8.77e-03s = setup: 1.67e-06s + solve: 8.77e-03s
	 lin-sys: 7.14e-03s, cones: 2.60e-04s, accel: 9.04e-04s
------------------------------------------------------------------
objective = 10.124989
------------------------------------------------------------------
Control action: [ 0.18436581  0.01049508 -0.01660703 -0.10110899 -0.0079735 ]
------------------------------------------------------------------
 iter | pri res | dua res |   gap   |   obj   |  scale  | time (s)
------------------------------------------------------------------
     0| 2.98e+00  3.88e+00  3.49e+01  3.29e+00  3.76e-01  1.49e-04 
    75| 5.92e-11  3.21e-11  1.31e-10  6.17e-01  3.76e-01  6.99e-03 
------------------------------------------------------------------
status:  solved
timings: total: 7.00e-03s = setup: 3.67e-06s + solve: 6.99e-03s
	 lin-sys: 4.74e-03s, cones: 3.09e-04s, accel: 1.45e-03s
------------------------------------------------------------------
objective = 0.616728
------------------------------------------------------------------
Control action: [-0.05327528  0.02863548  0.02321701  0.05851297  0.05562412]
------------------------------------------------------------------
 iter | pri res | dua res |   gap   |   obj   |  scale  | time (s)
------------------------------------------------------------------
     0| 9.25e-01  3.48e-01  3.91e+00  7.66e-01  3.76e-01  2.85e-04 
    75| 2.01e-11  8.73e-12  2.12e-11  2.25e-01  3.76e-01  8.72e-03 
------------------------------------------------------------------
status:  solved
timings: total: 8.72e-03s = setup: 4.54e-06s + solve: 8.72e-03s
	 lin-sys: 4.28e-03s, cones: 2.45e-04s, accel: 3.67e-03s
------------------------------------------------------------------
objective = 0.224881
------------------------------------------------------------------
Control action: [ 0.00742414  0.01912228 -0.03393191  0.03964983  0.00193193]
------------------------------------------------------------------
 iter | pri res | dua res |   gap   |   obj   |  scale  | time (s)
------------------------------------------------------------------
     0| 3.07e-01  4.16e-01  4.94e-01  7.47e-02  3.76e-01  1.48e-04 
    75| 5.61e-12  3.01e-12  2.05e-14  4.16e-02  3.76e-01  7.04e-03 
------------------------------------------------------------------
status:  solved
timings: total: 7.04e-03s = setup: 3.08e-06s + solve: 7.04e-03s
	 lin-sys: 5.30e-03s, cones: 2.90e-04s, accel: 9.26e-04s
------------------------------------------------------------------
objective = 0.041573
------------------------------------------------------------------
Control action: [-0.01297334  0.02363413 -0.03044127  0.05802441 -0.00469033]
------------------------------------------------------------------
 iter | pri res | dua res |   gap   |   obj   |  scale  | time (s)
------------------------------------------------------------------
     0| 1.12e-01  3.60e-02  3.71e-02 -2.75e-02  3.76e-01  1.43e-04 
    75| 3.07e-13  2.12e-12  6.63e-13 -1.47e-02  3.76e-01  5.38e-03 
------------------------------------------------------------------
status:  solved
timings: total: 5.39e-03s = setup: 1.96e-06s + solve: 5.39e-03s
	 lin-sys: 3.92e-03s, cones: 2.25e-04s, accel: 8.59e-04s
------------------------------------------------------------------
objective = -0.014719
------------------------------------------------------------------
Control action: [-0.01673083  0.02410207 -0.03265513  0.05713659  0.00074876]
------------------------------------------------------------------
 iter | pri res | dua res |   gap   |   obj   |  scale  | time (s)
------------------------------------------------------------------
     0| 4.90e-02  2.87e-02  8.42e-02  9.82e-02  3.76e-01  1.41e-04 
    75| 3.82e-13  3.06e-12  1.95e-12  5.71e-02  3.76e-01  7.09e-03 
------------------------------------------------------------------
status:  solved
timings: total: 7.10e-03s = setup: 1.54e-06s + solve: 7.10e-03s
	 lin-sys: 4.40e-03s, cones: 2.24e-04s, accel: 2.09e-03s
------------------------------------------------------------------
objective = 0.057139
------------------------------------------------------------------
Control action: [-0.01873535  0.02513378 -0.03083648  0.0586056   0.00248981]
------------------------------------------------------------------
 iter | pri res | dua res |   gap   |   obj   |  scale  | time (s)
------------------------------------------------------------------
     0| 2.82e-02  2.91e-02  8.88e-02  1.86e-01  3.76e-01  2.95e-04 
    75| 2.53e-13  2.11e-12  1.85e-12  1.41e-01  3.76e-01  1.09e-02 
------------------------------------------------------------------
status:  solved
timings: total: 1.09e-02s = setup: 2.00e-06s + solve: 1.09e-02s
	 lin-sys: 7.62e-03s, cones: 4.50e-04s, accel: 2.04e-03s
------------------------------------------------------------------
objective = 0.140619
------------------------------------------------------------------
Control action: [-0.01807515  0.02511239 -0.03288644  0.0597179   0.00232987]
------------------------------------------------------------------
 iter | pri res | dua res |   gap   |   obj   |  scale  | time (s)
------------------------------------------------------------------
     0| 9.01e-03  7.63e-03  1.52e-02  1.65e-01  3.76e-01  2.81e-04 
    75| 8.60e-14  2.27e-12  8.96e-13  1.56e-01  3.76e-01  7.47e-03 
------------------------------------------------------------------
status:  solved
timings: total: 7.47e-03s = setup: 3.58e-06s + solve: 7.47e-03s
	 lin-sys: 5.49e-03s, cones: 3.04e-04s, accel: 1.08e-03s
------------------------------------------------------------------
objective = 0.156128
------------------------------------------------------------------
Control action: [-0.01797391  0.02512434 -0.03330189  0.06002231  0.00188589]
