------------------------------------------------------------------
	       SCS v3.3.1 - Splitting Conic Solver
	(c) Brendan O'Donoghue, Stanford University, 2012
------------------------------------------------------------------
problem:  variables n: 100, constraints m: 171
cones: 	  z: primal zero / dual free vars: 1
	  l: linear vars: 20
	  e: exp vars: 150, dual exp vars: 0
settings: eps_abs: 1.0e-04, eps_rel: 1.0e-04, eps_infeas: 1.0e-07
	  alpha: 1.50, scale: 1.00e-01, adaptive_scale: 1
	  max_iters: 100000, normalize: 1, rho_x: 1.00e-06
	  acceleration_lookback: 10, acceleration_interval: 5
lin-sys:  sparse-direct-mkl-pardiso
	  nnz(A): 1150, nnz(P): 0
------------------------------------------------------------------
 iter | pri res | dua res |   gap   |   obj   |  scale  | time (s)
------------------------------------------------------------------
     0| 1.38e+01  7.11e-01  7.21e+02 -3.87e+02  1.00e-01  1.39e-03 
   225| 1.45e-04  2.43e-06  4.86e-06 -3.89e+00  1.00e-01  6.16e-03 
------------------------------------------------------------------
status:  solved
timings: total: 6.16e-03s = setup: 1.01e-03s + solve: 5.15e-03s
	 lin-sys: 1.43e-03s, cones: 2.91e-03s, accel: 2.10e-04s
------------------------------------------------------------------
objective = -3.888787
------------------------------------------------------------------
CVXPY optimal value is: 3.888784626046272
Solution norm difference: 5.556256023628303e-05
