Solving for lambda = 0
------------------------------------------------------------------
	       SCS v3.3.1 - Splitting Conic Solver
	(c) Brendan O'Donoghue, Stanford University, 2012
------------------------------------------------------------------
problem:  variables n: 500, constraints m: 500
cones: 	  z: primal zero / dual free vars: 100
	  l: linear vars: 400
settings: eps_abs: 1.0e-06, eps_rel: 1.0e-06, eps_infeas: 1.0e-07
	  alpha: 1.50, scale: 1.00e-01, adaptive_scale: 1
	  max_iters: 100000, normalize: 1, rho_x: 1.00e-06
	  acceleration_lookback: 10, acceleration_interval: 5
lin-sys:  sparse-direct-mkl-pardiso
	  nnz(A): 10900, nnz(P): 100
------------------------------------------------------------------
 iter | pri res | dua res |   gap   |   obj   |  scale  | time (s)
------------------------------------------------------------------
     0| 4.54e+00  1.30e-01  1.62e+00  8.41e-01  1.00e-01  7.49e-03 
    25| 1.51e-07  1.43e-07  8.38e-07  4.19e-07  1.00e-01  8.60e-03 
------------------------------------------------------------------
status:  solved
timings: total: 8.60e-03s = setup: 7.01e-03s + solve: 1.59e-03s
	 lin-sys: 1.03e-03s, cones: 2.33e-05s, accel: 2.01e-05s
------------------------------------------------------------------
objective = 0.000000
------------------------------------------------------------------
Error : 0.7256048204170591
Solving for lambda = 0.01
------------------------------------------------------------------
 iter | pri res | dua res |   gap   |   obj   |  scale  | time (s)
------------------------------------------------------------------
     0| 7.99e-02  1.00e-02  1.99e-01  9.93e-02  1.00e-01  1.41e-04 
   250| 5.25e-04  3.06e-05  4.43e-11  1.25e-01  1.31e-02  1.23e-02 
   325| 5.90e-07  2.64e-09  4.23e-10  1.25e-01  2.54e-03  1.58e-02 
------------------------------------------------------------------
status:  solved
timings: total: 1.58e-02s = setup: 1.86e-06s + solve: 1.58e-02s
	 lin-sys: 1.15e-02s, cones: 2.61e-04s, accel: 8.70e-04s
------------------------------------------------------------------
objective = 0.125039
------------------------------------------------------------------
Error : 0.2259045740264415
Solving for lambda = 0.02497591197515687
------------------------------------------------------------------
 iter | pri res | dua res |   gap   |   obj   |  scale  | time (s)
------------------------------------------------------------------
     0| 2.44e+00  1.50e-02  7.64e-01  1.09e-01  2.54e-03  1.28e-04 
   250| 4.22e-04  1.06e-04  5.90e-07  3.10e-01  2.54e-03  1.13e-02 
   325| 4.77e-06  1.57e-07  2.45e-08  3.10e-01  4.54e-04  1.51e-02 
------------------------------------------------------------------
status:  solved
timings: total: 1.51e-02s = setup: 1.41e-06s + solve: 1.51e-02s
	 lin-sys: 1.13e-02s, cones: 2.59e-04s, accel: 4.35e-04s
------------------------------------------------------------------
objective = 0.309833
------------------------------------------------------------------
Error : 0.21880265202922636
Solving for lambda = 0.06237961789907842
------------------------------------------------------------------
 iter | pri res | dua res |   gap   |   obj   |  scale  | time (s)
------------------------------------------------------------------
     0| 4.71e+00  4.94e-02  5.83e+00 -1.73e+00  4.54e-04  1.27e-04 
   250| 1.98e-02  3.69e-03  1.64e-04  7.59e-01  6.94e-03  1.11e-02 
   500| 6.20e-03  2.19e-09  3.29e-06  7.59e-01  6.94e-03  2.24e-02 
   525| 1.82e-11  6.71e-12  4.51e-12  7.59e-01  1.17e+00  2.42e-02 
------------------------------------------------------------------
status:  solved
timings: total: 2.42e-02s = setup: 1.23e-06s + solve: 2.42e-02s
	 lin-sys: 1.82e-02s, cones: 4.31e-04s, accel: 6.50e-04s
------------------------------------------------------------------
objective = 0.759146
------------------------------------------------------------------
Error : 0.19471744355648507
Solving for lambda = 0.15579878456913032
------------------------------------------------------------------
 iter | pri res | dua res |   gap   |   obj   |  scale  | time (s)
------------------------------------------------------------------
     0| 2.38e-01  1.56e-01  9.27e-01  2.32e+00  1.17e+00  1.30e-04 
   250| 3.76e-04  4.25e-05  3.39e-06  1.82e+00  2.88e-01  1.13e-02 
   325| 1.67e-12  7.68e-14  1.59e-13  1.82e+00  2.88e-01  1.49e-02 
------------------------------------------------------------------
status:  solved
timings: total: 1.49e-02s = setup: 1.27e-06s + solve: 1.49e-02s
	 lin-sys: 1.12e-02s, cones: 2.63e-04s, accel: 4.26e-04s
------------------------------------------------------------------
objective = 1.818814
------------------------------------------------------------------
Error : 0.16651882508884935
Solving for lambda = 0.3891216729235027
------------------------------------------------------------------
 iter | pri res | dua res |   gap   |   obj   |  scale  | time (s)
------------------------------------------------------------------
     0| 4.09e-01  2.88e-01  1.90e+00  5.16e+00  2.88e-01  1.28e-04 
   250| 3.85e-02  8.11e-03  2.51e-03  4.27e+00  2.88e-01  1.13e-02 
   425| 8.40e-11  9.77e-11  1.31e-12  4.27e+00  2.88e-01  1.98e-02 
------------------------------------------------------------------
status:  solved
timings: total: 1.98e-02s = setup: 1.25e-06s + solve: 1.98e-02s
	 lin-sys: 1.48e-02s, cones: 3.45e-04s, accel: 6.02e-04s
------------------------------------------------------------------
objective = 4.269513
------------------------------------------------------------------
Error : 0.16509027913873728
Solving for lambda = 0.9718668650563185
------------------------------------------------------------------
 iter | pri res | dua res |   gap   |   obj   |  scale  | time (s)
------------------------------------------------------------------
     0| 6.99e-01  7.70e-01  5.89e+00  1.20e+01  2.88e-01  1.31e-04 
   250| 6.03e-02  5.17e-06  1.36e-02  1.01e+01  2.88e-01  1.09e-02 
   425| 7.46e-07  1.41e-08  9.88e-09  1.01e+01  1.55e-01  1.94e-02 
------------------------------------------------------------------
status:  solved
timings: total: 1.94e-02s = setup: 1.08e-06s + solve: 1.94e-02s
	 lin-sys: 1.46e-02s, cones: 3.30e-04s, accel: 5.91e-04s
------------------------------------------------------------------
objective = 10.143419
------------------------------------------------------------------
Error : 0.17887191897528049
Solving for lambda = 2.427326127321828
------------------------------------------------------------------
 iter | pri res | dua res |   gap   |   obj   |  scale  | time (s)
------------------------------------------------------------------
     0| 1.23e+00  1.58e+00  2.43e+01  2.54e+01  1.55e-01  1.36e-04 
   250| 1.72e-03  6.76e-02  6.41e-05  2.44e+01  5.48e+00  1.17e-02 
   425| 1.02e-09  1.36e-11  4.61e-11  2.44e+01  3.22e-01  2.02e-02 
------------------------------------------------------------------
status:  solved
timings: total: 2.02e-02s = setup: 1.26e-06s + solve: 2.02e-02s
	 lin-sys: 1.52e-02s, cones: 3.88e-04s, accel: 6.30e-04s
------------------------------------------------------------------
objective = 24.402281
------------------------------------------------------------------
Error : 0.26054859976522926
Solving for lambda = 6.062468369098836
------------------------------------------------------------------
 iter | pri res | dua res |   gap   |   obj   |  scale  | time (s)
------------------------------------------------------------------
     0| 1.47e+00  4.10e+00  5.80e+01  5.84e+01  3.22e-01  2.09e-04 
   250| 5.78e-02  2.06e-02  5.96e-03  5.77e+01  1.63e+00  1.18e-02 
   350| 3.78e-06  9.04e-09  3.09e-07  5.78e+01  6.46e+00  1.64e-02 
------------------------------------------------------------------
status:  solved
timings: total: 1.64e-02s = setup: 1.14e-06s + solve: 1.64e-02s
	 lin-sys: 1.24e-02s, cones: 2.97e-04s, accel: 5.26e-04s
------------------------------------------------------------------
objective = 57.753525
------------------------------------------------------------------
Error : 0.48053692977128243
Solving for lambda = 15.141567633878541
------------------------------------------------------------------
 iter | pri res | dua res |   gap   |   obj   |  scale  | time (s)
------------------------------------------------------------------
     0| 1.33e+00  9.29e+00  5.98e+01  1.56e+02  6.46e+00  2.13e-04 
   175| 3.95e-13  2.08e-11  4.27e-12  1.31e+02  8.45e+01  8.12e-03 
------------------------------------------------------------------
status:  solved
timings: total: 8.13e-03s = setup: 1.26e-06s + solve: 8.13e-03s
	 lin-sys: 6.06e-03s, cones: 1.50e-04s, accel: 5.66e-04s
------------------------------------------------------------------
objective = 130.731603
------------------------------------------------------------------
Error : 0.7288975831242005
Solving for lambda = 37.81744603896349
------------------------------------------------------------------
 iter | pri res | dua res |   gap   |   obj   |  scale  | time (s)
------------------------------------------------------------------
     0| 3.42e+00  2.34e+01  3.86e+01  2.91e+02  8.45e+01  1.42e-04 
   125| 8.79e-13  2.49e-10  7.58e-10  2.66e+02  1.44e+03  5.88e-03 
------------------------------------------------------------------
status:  solved
timings: total: 5.89e-03s = setup: 1.29e-06s + solve: 5.88e-03s
	 lin-sys: 4.35e-03s, cones: 9.48e-05s, accel: 2.94e-04s
------------------------------------------------------------------
objective = 265.601231
------------------------------------------------------------------
Error : 0.8689014036078274
Solving for lambda = 94.45252033943963
------------------------------------------------------------------
 iter | pri res | dua res |   gap   |   obj   |  scale  | time (s)
------------------------------------------------------------------
     0| 2.19e+00  5.75e+01  3.10e+02  3.12e+02  1.44e+03  1.29e-04 
    50| 2.32e-07  1.56e-07  7.44e-07  3.80e+02  1.44e+03  2.10e-03 
------------------------------------------------------------------
status:  solved
timings: total: 2.10e-03s = setup: 9.65e-07s + solve: 2.10e-03s
	 lin-sys: 1.75e-03s, cones: 4.77e-05s, accel: 9.55e-05s
------------------------------------------------------------------
objective = 379.601832
------------------------------------------------------------------
Error : 1.0000000042453958
