Should be ~ 0: 3.067462035021506e-15
Should be ~ 0: 0.0
------------------------------------------------------------------
	       SCS v3.3.1 - Splitting Conic Solver
	(c) Brendan O'Donoghue, Stanford University, 2012
------------------------------------------------------------------
problem:  variables n: 180, constraints m: 180
cones: 	  z: primal zero / dual free vars: 60
	  s: psd vars: 120, ssize: 1
settings: eps_abs: 1.0e-06, eps_rel: 1.0e-06, eps_infeas: 1.0e-07
	  alpha: 1.50, scale: 1.00e-01, adaptive_scale: 1
	  max_iters: 100000, normalize: 1, rho_x: 1.00e-06
	  acceleration_lookback: 10, acceleration_interval: 5
lin-sys:  sparse-direct-mkl-pardiso
	  nnz(A): 240, nnz(P): 60
Solving for lambda = 0
------------------------------------------------------------------
 iter | pri res | dua res |   gap   |   obj   |  scale  | time (s)
------------------------------------------------------------------
     0| 4.93e+00  1.17e+00  4.92e+01  3.27e+01  1.00e-01  1.03e-03 
   250| 4.27e-03  4.14e-05  2.66e-04  1.84e-04  5.60e-04  9.88e-03 
   300| 4.53e-09  1.16e-10  4.61e-10 -2.31e-10  5.60e-04  1.17e-02 
------------------------------------------------------------------
status:  solved
timings: total: 1.17e-02s = setup: 6.25e-04s + solve: 1.11e-02s
	 lin-sys: 1.95e-03s, cones: 8.42e-03s, accel: 2.87e-04s
------------------------------------------------------------------
objective = -0.000000
------------------------------------------------------------------
Error: 0.5886099658680676
Solving for lambda = 1e-06
------------------------------------------------------------------
 iter | pri res | dua res |   gap   |   obj   |  scale  | time (s)
------------------------------------------------------------------
     0| 3.45e-05  1.00e-06  4.21e-05  5.30e-05  5.60e-04  8.99e-05 
   250| 5.72e-03  3.60e-08  8.70e-07  4.25e-05  1.49e-06  8.84e-03 
   500| 1.62e-03  9.18e-09  5.53e-07  4.24e-05  1.49e-06  1.79e-02 
   750| 1.82e-03  4.95e-09  5.19e-07  4.27e-05  1.49e-06  2.65e-02 
  1000| 1.43e-03  1.16e-08  3.65e-07  4.28e-05  1.49e-06  3.54e-02 
  1250| 5.02e-04  1.07e-08  1.37e-07  4.30e-05  1.49e-06  4.42e-02 
  1500| 8.43e-06  6.37e-10  1.95e-09  4.31e-05  1.49e-06  5.35e-02 
------------------------------------------------------------------
status:  solved
timings: total: 5.35e-02s = setup: 1.33e-06s + solve: 5.35e-02s
	 lin-sys: 9.31e-03s, cones: 4.17e-02s, accel: 7.97e-04s
------------------------------------------------------------------
objective = 0.000043
------------------------------------------------------------------
Error : 0.03883606294063052
Solving for lambda = 5.011872336272725e-06
------------------------------------------------------------------
 iter | pri res | dua res |   gap   |   obj   |  scale  | time (s)
------------------------------------------------------------------
     0| 4.17e+00  1.12e-05  2.34e-05  1.38e-04  1.49e-06  9.78e-05 
   250| 1.85e-03  1.03e-08  2.17e-06  2.12e-04  1.49e-06  9.31e-03 
   500| 1.50e-03  3.32e-08  2.08e-06  2.13e-04  1.49e-06  1.89e-02 
   750| 1.61e-03  3.20e-08  1.69e-06  2.13e-04  1.49e-06  2.82e-02 
  1000| 1.45e-03  7.27e-09  1.21e-06  2.14e-04  1.49e-06  3.74e-02 
  1250| 1.64e-03  1.58e-07  6.51e-08  2.14e-04  4.86e-06  4.70e-02 
  1500| 4.54e-05  4.66e-08  1.16e-07  2.15e-04  4.86e-06  5.63e-02 
  1750| 7.91e-06  2.02e-09  8.28e-09  2.15e-04  4.86e-06  6.50e-02 
------------------------------------------------------------------
status:  solved
timings: total: 6.50e-02s = setup: 1.02e-06s + solve: 6.50e-02s
	 lin-sys: 1.14e-02s, cones: 5.06e-02s, accel: 1.04e-03s
------------------------------------------------------------------
objective = 0.000215
------------------------------------------------------------------
Error : 0.025117184555234137
Solving for lambda = 2.5118864315095822e-05
------------------------------------------------------------------
 iter | pri res | dua res |   gap   |   obj   |  scale  | time (s)
------------------------------------------------------------------
     0| 7.64e+00  7.27e-05  2.56e-04  5.57e-04  4.86e-06  8.83e-05 
   250| 1.10e-03  1.99e-07  1.70e-06  1.06e-03  4.86e-06  8.93e-03 
   500| 3.36e-04  6.49e-09  9.02e-08  1.06e-03  4.86e-06  1.80e-02 
   750| 7.15e-05  1.83e-09  8.29e-09  1.06e-03  4.86e-06  2.69e-02 
  1000| 2.65e-05  4.38e-09  1.18e-08  1.06e-03  1.63e-05  3.54e-02 
  1125| 6.89e-06  3.50e-09  4.53e-09  1.06e-03  1.63e-05  3.95e-02 
------------------------------------------------------------------
status:  solved
timings: total: 3.95e-02s = setup: 1.04e-06s + solve: 3.95e-02s
	 lin-sys: 7.10e-03s, cones: 3.04e-02s, accel: 6.72e-04s
------------------------------------------------------------------
objective = 0.001062
------------------------------------------------------------------
Error : 0.021467280893964935
Solving for lambda = 0.0001258925411794166
------------------------------------------------------------------
 iter | pri res | dua res |   gap   |   obj   |  scale  | time (s)
------------------------------------------------------------------
     0| 1.61e+01  4.25e-04  4.26e-03  1.14e-03  1.63e-05  8.23e-05 
   250| 8.46e-04  2.00e-07  1.69e-06  5.28e-03  1.63e-05  8.98e-03 
   500| 1.62e-04  5.80e-08  2.77e-07  5.28e-03  1.63e-05  1.74e-02 
   750| 2.34e-05  2.48e-08  7.78e-09  5.28e-03  1.63e-05  2.57e-02 
   900| 9.47e-06  9.95e-09  8.96e-09  5.28e-03  1.63e-05  3.07e-02 
------------------------------------------------------------------
status:  solved
timings: total: 3.07e-02s = setup: 9.98e-07s + solve: 3.07e-02s
	 lin-sys: 5.63e-03s, cones: 2.36e-02s, accel: 5.03e-04s
------------------------------------------------------------------
objective = 0.005278
------------------------------------------------------------------
Error : 0.033563040117951415
Solving for lambda = 0.000630957344480193
------------------------------------------------------------------
 iter | pri res | dua res |   gap   |   obj   |  scale  | time (s)
------------------------------------------------------------------
     0| 1.77e+02  1.28e-03  1.83e-01 -7.23e-02  1.63e-05  8.26e-05 
   250| 5.96e-04  3.35e-06  1.33e-05  2.62e-02  7.86e-05  8.61e-03 
   375| 1.58e-06  6.95e-09  2.11e-08  2.62e-02  7.86e-05  1.30e-02 
------------------------------------------------------------------
status:  solved
timings: total: 1.30e-02s = setup: 6.05e-07s + solve: 1.30e-02s
	 lin-sys: 2.36e-03s, cones: 9.85e-03s, accel: 3.25e-04s
------------------------------------------------------------------
objective = 0.026224
------------------------------------------------------------------
Error : 0.06744786357153074
Solving for lambda = 0.0031622776601683794
------------------------------------------------------------------
 iter | pri res | dua res |   gap   |   obj   |  scale  | time (s)
------------------------------------------------------------------
     0| 7.74e+01  6.04e-03  5.24e-01 -1.76e-01  7.86e-05  8.88e-05 
   250| 2.17e-05  7.04e-09  1.45e-07  1.30e-01  7.86e-05  8.86e-03 
   275| 1.72e-06  1.74e-09  2.83e-08  1.30e-01  7.86e-05  9.74e-03 
------------------------------------------------------------------
status:  solved
timings: total: 9.74e-03s = setup: 6.61e-07s + solve: 9.74e-03s
	 lin-sys: 1.82e-03s, cones: 7.37e-03s, accel: 2.14e-04s
------------------------------------------------------------------
objective = 0.129971
------------------------------------------------------------------
Error : 0.11835778477548536
Solving for lambda = 0.01584893192461111
------------------------------------------------------------------
 iter | pri res | dua res |   gap   |   obj   |  scale  | time (s)
------------------------------------------------------------------
     0| 2.97e+02  1.83e-02  1.10e+01 -5.12e+00  7.86e-05  9.12e-05 
   250| 3.13e-03  8.31e-07  2.51e-05  6.42e-01  7.86e-05  8.96e-03 
   375| 6.72e-06  9.41e-08  6.38e-08  6.43e-01  2.74e-04  1.30e-02 
------------------------------------------------------------------
status:  solved
timings: total: 1.30e-02s = setup: 1.28e-06s + solve: 1.30e-02s
	 lin-sys: 2.43e-03s, cones: 9.89e-03s, accel: 2.52e-04s
------------------------------------------------------------------
objective = 0.642509
------------------------------------------------------------------
Error : 0.17415859500316552
Solving for lambda = 0.07943282347242805
------------------------------------------------------------------
 iter | pri res | dua res |   gap   |   obj   |  scale  | time (s)
------------------------------------------------------------------
     0| 5.32e+02  7.60e-02  7.29e+01 -3.48e+01  2.74e-04  8.88e-05 
   250| 5.51e-07  2.45e-07  1.44e-07  3.15e+00  1.24e-03  8.65e-03 
------------------------------------------------------------------
status:  solved
timings: total: 8.65e-03s = setup: 8.30e-07s + solve: 8.65e-03s
	 lin-sys: 1.65e-03s, cones: 6.53e-03s, accel: 1.73e-04s
------------------------------------------------------------------
objective = 3.149158
------------------------------------------------------------------
Error : 0.22262476962211838
Solving for lambda = 0.3981071705534969
------------------------------------------------------------------
 iter | pri res | dua res |   gap   |   obj   |  scale  | time (s)
------------------------------------------------------------------
     0| 4.14e+02  3.14e-01  2.63e+02 -1.24e+02  1.24e-03  8.70e-05 
   125| 1.63e-06  1.26e-06  1.71e-07  1.49e+01  4.89e-03  4.32e-03 
------------------------------------------------------------------
status:  solved
timings: total: 4.33e-03s = setup: 6.58e-07s + solve: 4.33e-03s
	 lin-sys: 7.97e-04s, cones: 3.24e-03s, accel: 1.12e-04s
------------------------------------------------------------------
objective = 14.885090
------------------------------------------------------------------
Error : 0.3057866178787741
Solving for lambda = 1.9952623149688788
------------------------------------------------------------------
 iter | pri res | dua res |   gap   |   obj   |  scale  | time (s)
------------------------------------------------------------------
     0| 4.23e+02  1.57e+00  1.33e+03 -6.41e+02  4.89e-03  8.22e-05 
   100| 6.83e-09  5.36e-10  3.29e-10  6.15e+01  4.89e-03  3.38e-03 
------------------------------------------------------------------
status:  solved
timings: total: 3.38e-03s = setup: 6.34e-07s + solve: 3.38e-03s
	 lin-sys: 6.32e-04s, cones: 2.48e-03s, accel: 1.42e-04s
------------------------------------------------------------------
objective = 61.454584
------------------------------------------------------------------
Error : 0.5124766605071581
Solving for lambda = 10.0
------------------------------------------------------------------
 iter | pri res | dua res |   gap   |   obj   |  scale  | time (s)
------------------------------------------------------------------
     0| 2.13e+03  8.00e+00  3.43e+04 -1.72e+04  4.89e-03  7.87e-05 
   100| 3.26e-07  1.02e-09  6.65e-08  1.32e+02  4.89e-03  3.51e-03 
------------------------------------------------------------------
status:  solved
timings: total: 3.52e-03s = setup: 7.94e-07s + solve: 3.52e-03s
	 lin-sys: 6.85e-04s, cones: 2.47e-03s, accel: 2.40e-04s
------------------------------------------------------------------
objective = 132.180037
------------------------------------------------------------------
Error : 0.9959215489840406
