------------------------------------------------------------------
	       SCS v3.3.1 - Splitting Conic Solver
	(c) Brendan O'Donoghue, Stanford University, 2012
------------------------------------------------------------------
problem:  variables n: 770, constraints m: 1391
cones: 	  z: primal zero / dual free vars: 620
	  b: box cone vars: 771
settings: eps_abs: 1.0e-05, eps_rel: 1.0e-05, eps_infeas: 1.0e-07
	  alpha: 1.50, scale: 1.00e-01, adaptive_scale: 1
	  max_iters: 100000, normalize: 1, rho_x: 1.00e-06
	  acceleration_lookback: 10, acceleration_interval: 5
lin-sys:  sparse-direct-mkl-pardiso
	  nnz(A): 16390, nnz(P): 770
------------------------------------------------------------------
 iter | pri res | dua res |   gap   |   obj   |  scale  | time (s)
------------------------------------------------------------------
     0| 1.75e+01  4.99e+00  3.62e+03  2.46e+03  1.00e-01  6.59e-04 
   125| 5.98e-08  2.32e-06  7.37e-07  1.09e+03  3.76e-01  1.49e-02 
------------------------------------------------------------------
status:  solved
timings: total: 1.49e-02s = setup: 5.53e-06s + solve: 1.49e-02s
	 lin-sys: 1.11e-02s, cones: 5.82e-04s, accel: 9.80e-04s
------------------------------------------------------------------
objective = 1088.948283
------------------------------------------------------------------
Control action: [ 0.41348791 -0.99999993 -0.38009808 -0.99999993 -0.42945413]
------------------------------------------------------------------
 iter | pri res | dua res |   gap   |   obj   |  scale  | time (s)
------------------------------------------------------------------
     0| 2.47e+01  3.42e+01  3.33e+03  3.77e+02  3.76e-01  2.95e-04 
   100| 1.14e-13  1.04e-10  2.91e-10  1.43e+02  3.76e-01  1.09e-02 
------------------------------------------------------------------
status:  solved
timings: total: 1.09e-02s = setup: 3.00e-06s + solve: 1.09e-02s
	 lin-sys: 8.97e-03s, cones: 4.51e-04s, accel: 8.19e-04s
------------------------------------------------------------------
objective = 142.600582
------------------------------------------------------------------
Control action: [-0.44966451 -0.03355007  0.52249601  0.1925017   0.14671162]
------------------------------------------------------------------
 iter | pri res | dua res |   gap   |   obj   |  scale  | time (s)
------------------------------------------------------------------
     0| 9.12e+00  8.35e+00  4.08e+02  3.48e+01  3.76e-01  2.61e-04 
    75| 2.13e-10  1.06e-10  1.38e-09  1.01e+01  3.76e-01  8.01e-03 
------------------------------------------------------------------
status:  solved
timings: total: 8.02e-03s = setup: 2.60e-06s + solve: 8.02e-03s
	 lin-sys: 6.40e-03s, cones: 3.25e-04s, accel: 7.41e-04s
------------------------------------------------------------------
objective = 10.124989
------------------------------------------------------------------
Control action: [ 0.18436581  0.01049508 -0.01660703 -0.10110899 -0.0079735 ]
------------------------------------------------------------------
 iter | pri res | dua res |   gap   |   obj   |  scale  | time (s)
------------------------------------------------------------------
     0| 2.98e+00  3.90e+00  3.49e+01  3.29e+00  3.76e-01  2.68e-04 
    75| 6.54e-11  2.89e-11  1.33e-10  6.17e-01  3.76e-01  8.33e-03 
------------------------------------------------------------------
status:  solved
timings: total: 8.34e-03s = setup: 2.49e-06s + solve: 8.34e-03s
	 lin-sys: 6.68e-03s, cones: 3.28e-04s, accel: 7.67e-04s
------------------------------------------------------------------
objective = 0.616728
------------------------------------------------------------------
Control action: [-0.05327528  0.02863548  0.02321701  0.05851297  0.05562412]
------------------------------------------------------------------
 iter | pri res | dua res |   gap   |   obj   |  scale  | time (s)
------------------------------------------------------------------
     0| 9.25e-01  3.58e-01  3.91e+00  7.66e-01  3.76e-01  2.67e-04 
    75| 2.14e-11  1.10e-11  2.21e-11  2.25e-01  3.76e-01  8.19e-03 
------------------------------------------------------------------
status:  solved
timings: total: 8.20e-03s = setup: 2.41e-06s + solve: 8.20e-03s
	 lin-sys: 6.54e-03s, cones: 3.34e-04s, accel: 7.62e-04s
------------------------------------------------------------------
objective = 0.224881
------------------------------------------------------------------
Control action: [ 0.00742414  0.01912228 -0.03393191  0.03964983  0.00193193]
------------------------------------------------------------------
 iter | pri res | dua res |   gap   |   obj   |  scale  | time (s)
------------------------------------------------------------------
     0| 3.07e-01  4.17e-01  4.91e-01  7.63e-02  3.76e-01  2.55e-04 
    75| 6.25e-12  1.29e-11  3.73e-13  4.16e-02  3.76e-01  8.16e-03 
------------------------------------------------------------------
status:  solved
timings: total: 8.17e-03s = setup: 2.05e-06s + solve: 8.17e-03s
	 lin-sys: 6.50e-03s, cones: 3.41e-04s, accel: 7.73e-04s
------------------------------------------------------------------
objective = 0.041573
------------------------------------------------------------------
Control action: [-0.01297334  0.02363413 -0.03044127  0.05802441 -0.00469033]
------------------------------------------------------------------
 iter | pri res | dua res |   gap   |   obj   |  scale  | time (s)
------------------------------------------------------------------
     0| 1.12e-01  3.74e-02  3.72e-02 -2.76e-02  3.76e-01  2.73e-04 
    75| 3.48e-13  1.09e-11  4.47e-13 -1.47e-02  3.76e-01  8.48e-03 
------------------------------------------------------------------
status:  solved
timings: total: 8.49e-03s = setup: 2.16e-06s + solve: 8.48e-03s
	 lin-sys: 6.77e-03s, cones: 3.42e-04s, accel: 7.85e-04s
------------------------------------------------------------------
objective = -0.014719
------------------------------------------------------------------
Control action: [-0.01673083  0.02410207 -0.03265513  0.05713659  0.00074876]
------------------------------------------------------------------
 iter | pri res | dua res |   gap   |   obj   |  scale  | time (s)
------------------------------------------------------------------
     0| 4.90e-02  2.95e-02  8.33e-02  9.87e-02  3.76e-01  2.89e-04 
    75| 4.28e-13  9.43e-12  8.75e-13  5.71e-02  3.76e-01  8.60e-03 
------------------------------------------------------------------
status:  solved
timings: total: 8.60e-03s = setup: 3.34e-06s + solve: 8.60e-03s
	 lin-sys: 6.91e-03s, cones: 3.34e-04s, accel: 7.59e-04s
------------------------------------------------------------------
objective = 0.057139
------------------------------------------------------------------
Control action: [-0.01873535  0.02513378 -0.03083648  0.0586056   0.00248981]
------------------------------------------------------------------
 iter | pri res | dua res |   gap   |   obj   |  scale  | time (s)
------------------------------------------------------------------
     0| 2.82e-02  2.94e-02  8.81e-02  1.87e-01  3.76e-01  2.80e-04 
    75| 2.87e-13  9.81e-12  1.45e-12  1.41e-01  3.76e-01  8.56e-03 
------------------------------------------------------------------
status:  solved
timings: total: 8.56e-03s = setup: 1.89e-06s + solve: 8.56e-03s
	 lin-sys: 6.84e-03s, cones: 3.57e-04s, accel: 7.79e-04s
------------------------------------------------------------------
objective = 0.140619
------------------------------------------------------------------
Control action: [-0.01807515  0.02511239 -0.03288644  0.0597179   0.00232987]
------------------------------------------------------------------
 iter | pri res | dua res |   gap   |   obj   |  scale  | time (s)
------------------------------------------------------------------
     0| 9.01e-03  7.82e-03  1.53e-02  1.65e-01  3.76e-01  2.71e-04 
    75| 9.33e-14  9.15e-12  3.51e-13  1.56e-01  3.76e-01  8.31e-03 
------------------------------------------------------------------
status:  solved
timings: total: 8.31e-03s = setup: 2.03e-06s + solve: 8.31e-03s
	 lin-sys: 6.65e-03s, cones: 3.31e-04s, accel: 7.63e-04s
------------------------------------------------------------------
objective = 0.156128
------------------------------------------------------------------
Control action: [-0.01797391  0.02512434 -0.03330189  0.06002231  0.00188589]
