------------------------------------------------------------------
	       SCS v3.2.11 - Splitting Conic Solver
	(c) Brendan O'Donoghue, Stanford University, 2012
------------------------------------------------------------------
problem:  variables n: 2, constraints m: 3
cones: 	  z: primal zero / dual free vars: 1
	  l: linear vars: 2
settings: eps_abs: 1.0e-09, eps_rel: 1.0e-09, eps_infeas: 1.0e-07
	  alpha: 1.50, scale: 1.00e-01, adaptive_scale: 1
	  max_iters: 100000, normalize: 1, rho_x: 1.00e-06
	  acceleration_lookback: 10, acceleration_interval: 5
lin-sys:  sparse-direct-amd-qdldl
	  nnz(A): 4, nnz(P): 3
------------------------------------------------------------------
 iter | pri res | dua res |   gap   |   obj   |  scale  | time (s)
------------------------------------------------------------------
     0| 1.48e+00  1.00e+00  4.72e+00  1.17e+00  1.00e-01  2.16e-04 
    50| 3.33e-10  7.78e-10  2.37e-10  1.24e+00  1.00e-01  2.80e-04 
------------------------------------------------------------------
status:  solved
timings: total: 2.81e-04s = setup: 5.77e-05s + solve: 2.23e-04s
	 lin-sys: 3.73e-06s, cones: 8.65e-07s, accel: 5.57e-05s
------------------------------------------------------------------
objective = 1.235000
------------------------------------------------------------------
SCS took 50 iters
Optimal solution vector x*:
[ 0.3 -0.7]
Optimal dual vector y*:
[2.7 2.1 0. ]
